$ ls
Agora podemos ordenar estes ficheiros:
$| sort 
E escolher o primeiro:
$2| head -5
Tail do anterior
$| tail -2
Grep do ls
$4| grep notebook
$ ls > Luis.txt
$ ps
$ cat < Luis.txt
$ cat Luis.txt

Porque é que o sort é o unico comando que nao funciona
$| sort
Falta fazer direito estes
$ ls | head -1 & ls > cat




//Fazer por ordem
-> Mandar o perror para um ficheiro de errro
-> Quando fazer um read , fazer um while até ao fim do readln
-> Sempre que faço um fork confirmar que ainda tenho espaço
-> Mudar todos os comandos que dao erro para um fichero de error com a funçao redir end
-> Mofificar o readln para ler ate o EOF em vez de ler até o '\n'
-> Fazer o && também 
-> Fazer os exercisios do  paralelo urgente
-> Modificar o destroy buffer pois ta errado
-> Acabar de fazer o specialCommand (Faz todos os comandos) 
            -> Nesta parte tenho que meter tipo ls & ls > cat & ps por exemplo , ainda nao tenho
-> Meter para quando o utilizador der CTRL C ou o programa der merda sair. Usar Sinais , ver giao 7 tenho la um exercisio parecido






$ ls & asdsa | SDass